C51 COMPILER V7.20   MAIN                                                                  10/30/2024 12:07:16 PAGE 1   


C51 COMPILER V7.20, COMPILATION OF MODULE MAIN
OBJECT MODULE PLACED IN main.OBJ
COMPILER INVOKED BY: C:\Keil\C51\BIN\C51.EXE main.c BROWSE DEBUG OBJECTEXTEND

line level    source

   1           /*DIDITALE XD*/
   2           /*TURMINHA DO DIDI XD*/
   3           
   4          #include <reg52.h>
   5          #include "diditale_bmp.c"
   6          #include "..\lib\sll.h"
   7          
   8           void main(void){
   9   1         BYTE x = 100;
  10   1         BYTE y = 45;
  11   1      
  12   1         paintscr(0, 0, 0);
  13   1         while(1){
  14   2               
  15   2           
  16   2           printbmp(x,y,diditale);
  17   2               if(vkeydown(VK_RIGHT)){
  18   3                   x++;
  19   3                       if (x >= 240-21){
  20   4                         x = 240-21;
  21   4                       }
  22   3               }
  23   2               if(vkeydown(VK_LEFT)){
  24   3                   x--;
  25   3                       if(x <= 1){
  26   4                         x = 1;
  27   4                 }
  28   3               }
  29   2               if(vkeydown(VK_UP)){
  30   3                   y--;
  31   3                       if(y <= 1){
  32   4                         y = 1;
  33   4                 }
  34   3      
  35   3                 
  36   3               }
  37   2               if(vkeydown(VK_DOWN)){
  38   3                 y++;
  39   3                 
  40   3                 if(y >=128-21){
  41   4                   y = 128-21;
  42   4                 }    
  43   3               }
  44   2               delay(1);
  45   2         }
  46   1       }


MODULE INFORMATION:   STATIC OVERLAYABLE
   CODE SIZE        =    113    ----
   CONSTANT SIZE    =    963    ----
   XDATA SIZE       =   ----    ----
   PDATA SIZE       =   ----    ----
   DATA SIZE        =   ----       2
   IDATA SIZE       =   ----    ----
C51 COMPILER V7.20   MAIN                                                                  10/30/2024 12:07:16 PAGE 2   

   BIT SIZE         =   ----    ----
END OF MODULE INFORMATION.


C51 COMPILATION COMPLETE.  0 WARNING(S),  0 ERROR(S)
